127.0.0.1 - - [08/Mar/2023:09:21:25 +0800] "GET / HTTP/1.1" 404 751
0:0:0:0:0:0:0:1 - - [08/Mar/2023:09:21:26 +0800] "GET /JSP1/m09/PostOrder.html HTTP/1.1" 200 526
0:0:0:0:0:0:0:1 - - [08/Mar/2023:09:21:37 +0800] "POST /JSP1/m09/OrderBean2.jsp HTTP/1.1" 200 353
127.0.0.1 - - [08/Mar/2023:10:29:43 +0800] "GET / HTTP/1.1" 404 751
0:0:0:0:0:0:0:1 - - [08/Mar/2023:10:29:44 +0800] "GET /JSP1/m10/GetUserName.html HTTP/1.1" 200 289
0:0:0:0:0:0:0:1 - - [08/Mar/2023:10:29:48 +0800] "GET /JSP1/GetUserName?username=111 HTTP/1.1" 404 771
127.0.0.1 - - [08/Mar/2023:10:30:09 +0800] "GET / HTTP/1.1" 404 751
0:0:0:0:0:0:0:1 - - [08/Mar/2023:10:30:31 +0800] "GET /JSP1/GetUserName?username=111 HTTP/1.1" 404 771
127.0.0.1 - - [08/Mar/2023:10:32:03 +0800] "GET / HTTP/1.1" 404 751
0:0:0:0:0:0:0:1 - - [08/Mar/2023:10:32:07 +0800] "GET /JSP1/GetUserName?username=111 HTTP/1.1" 200 158
127.0.0.1 - - [08/Mar/2023:11:23:53 +0800] "GET / HTTP/1.1" 404 751
0:0:0:0:0:0:0:1 - - [08/Mar/2023:11:23:54 +0800] "GET /JSP1/WEB-INF/classes/com/lcpan/m10/ConnectionFactory.java HTTP/1.1" 404 682
0:0:0:0:0:0:0:1 - - [08/Mar/2023:11:24:04 +0800] "GET /JSP1/WEB-INF/classes/com/lcpan/m10/ConnectionFactory.java HTTP/1.1" 404 682
127.0.0.1 - - [08/Mar/2023:11:50:14 +0800] "GET / HTTP/1.1" 404 751
0:0:0:0:0:0:0:1 - - [08/Mar/2023:11:50:15 +0800] "GET /JSP1/m11/GetEmp.jsp HTTP/1.1" 500 2608
0:0:0:0:0:0:0:1 - - [08/Mar/2023:11:50:44 +0800] "GET /JSP1/m11/GetEmp.jsp HTTP/1.1" 200 253
0:0:0:0:0:0:0:1 - - [08/Mar/2023:11:54:07 +0800] "GET /JSP1/m11/GetEmp.jsp HTTP/1.1" 200 260
0:0:0:0:0:0:0:1 - - [08/Mar/2023:11:54:26 +0800] "GET /JSP1/m11/GetEmp.jsp HTTP/1.1" 200 264
0:0:0:0:0:0:0:1 - - [08/Mar/2023:11:54:31 +0800] "GET /JSP1/m11/GetEmp.jsp HTTP/1.1" 200 264
0:0:0:0:0:0:0:1 - - [08/Mar/2023:11:54:32 +0800] "GET /JSP1/m11/GetEmp.jsp HTTP/1.1" 200 264
0:0:0:0:0:0:0:1 - - [08/Mar/2023:11:54:33 +0800] "GET /JSP1/m11/GetEmp.jsp HTTP/1.1" 200 264
0:0:0:0:0:0:0:1 - - [08/Mar/2023:11:54:34 +0800] "GET /JSP1/m11/GetEmp.jsp HTTP/1.1" 200 264
0:0:0:0:0:0:0:1 - - [08/Mar/2023:11:54:40 +0800] "GET /JSP1/m11/GetEmp.jsp HTTP/1.1" 200 264
0:0:0:0:0:0:0:1 - - [08/Mar/2023:11:55:08 +0800] "GET /JSP1/m11/GetEmp.jsp HTTP/1.1" 200 264
0:0:0:0:0:0:0:1 - - [08/Mar/2023:11:55:11 +0800] "GET /JSP1/m11/GetEmp.jsp HTTP/1.1" 200 264
0:0:0:0:0:0:0:1 - - [08/Mar/2023:11:55:14 +0800] "GET /JSP1/m11/GetEmp.jsp HTTP/1.1" 200 264
0:0:0:0:0:0:0:1 - - [08/Mar/2023:11:55:14 +0800] "GET /JSP1/m11/GetEmp.jsp HTTP/1.1" 200 264
0:0:0:0:0:0:0:1 - - [08/Mar/2023:11:55:14 +0800] "GET /JSP1/m11/GetEmp.jsp HTTP/1.1" 200 264
0:0:0:0:0:0:0:1 - - [08/Mar/2023:11:56:17 +0800] "GET /JSP1/m11/GetEmp.jsp HTTP/1.1" 200 256
127.0.0.1 - - [08/Mar/2023:11:56:52 +0800] "GET / HTTP/1.1" 404 751
0:0:0:0:0:0:0:1 - - [08/Mar/2023:11:56:52 +0800] "GET /JSP1/m11/GetEmp.jsp HTTP/1.1" 200 256
0:0:0:0:0:0:0:1 - - [08/Mar/2023:11:56:56 +0800] "GET /JSP1/m11/GetEmp.jsp HTTP/1.1" 200 256
0:0:0:0:0:0:0:1 - - [08/Mar/2023:11:57:01 +0800] "GET /JSP1/m11/GetEmp.jsp HTTP/1.1" 200 256
127.0.0.1 - - [08/Mar/2023:12:01:56 +0800] "GET / HTTP/1.1" 404 751
0:0:0:0:0:0:0:1 - - [08/Mar/2023:12:01:57 +0800] "GET /JSP1/m10/GetEmp.html HTTP/1.1" 200 309
0:0:0:0:0:0:0:1 - - [08/Mar/2023:12:02:01 +0800] "POST /JSP1/GetEmp HTTP/1.1" 500 1424
127.0.0.1 - - [08/Mar/2023:12:02:35 +0800] "GET / HTTP/1.1" 404 751
0:0:0:0:0:0:0:1 - - [08/Mar/2023:12:02:40 +0800] "POST /JSP1/GetEmp HTTP/1.1" 200 -
127.0.0.1 - - [08/Mar/2023:12:07:25 +0800] "GET / HTTP/1.1" 404 751
0:0:0:0:0:0:0:1 - - [08/Mar/2023:12:07:30 +0800] "POST /JSP1/GetEmp HTTP/1.1" 404 748
127.0.0.1 - - [08/Mar/2023:12:07:51 +0800] "GET / HTTP/1.1" 404 751
0:0:0:0:0:0:0:1 - - [08/Mar/2023:12:07:56 +0800] "POST /JSP1/GetEmp HTTP/1.1" 200 256
127.0.0.1 - - [08/Mar/2023:12:10:04 +0800] "GET / HTTP/1.1" 404 751
0:0:0:0:0:0:0:1 - - [08/Mar/2023:12:10:08 +0800] "POST /JSP1/GetEmp HTTP/1.1" 200 -
127.0.0.1 - - [08/Mar/2023:12:11:25 +0800] "GET / HTTP/1.1" 404 751
0:0:0:0:0:0:0:1 - - [08/Mar/2023:12:11:32 +0800] "POST /JSP1/GetEmp HTTP/1.1" 200 314
127.0.0.1 - - [08/Mar/2023:13:07:18 +0800] "GET / HTTP/1.1" 404 751
0:0:0:0:0:0:0:1 - - [08/Mar/2023:13:07:18 +0800] "GET /JSP1/m10/GetEmp.jsp HTTP/1.1" 200 314
0:0:0:0:0:0:0:1 - - [08/Mar/2023:13:07:28 +0800] "POST /JSP1/GetEmp HTTP/1.1" 200 -
127.0.0.1 - - [08/Mar/2023:13:13:00 +0800] "GET / HTTP/1.1" 404 751
0:0:0:0:0:0:0:1 - - [08/Mar/2023:13:13:06 +0800] "POST /JSP1/GetEmp HTTP/1.1" 200 -
127.0.0.1 - - [08/Mar/2023:13:13:27 +0800] "GET / HTTP/1.1" 404 751
0:0:0:0:0:0:0:1 - - [08/Mar/2023:13:13:31 +0800] "POST /JSP1/GetEmp HTTP/1.1" 200 314
127.0.0.1 - - [08/Mar/2023:13:15:03 +0800] "GET / HTTP/1.1" 404 751
0:0:0:0:0:0:0:1 - - [08/Mar/2023:13:15:04 +0800] "GET /JSP1/GetEmp HTTP/1.1" 200 314
0:0:0:0:0:0:0:1 - - [08/Mar/2023:13:15:10 +0800] "GET /JSP1/m10/GetEmp.jsp HTTP/1.1" 200 314
0:0:0:0:0:0:0:1 - - [08/Mar/2023:13:15:18 +0800] "POST /JSP1/GetEmp HTTP/1.1" 200 314
0:0:0:0:0:0:0:1 - - [08/Mar/2023:13:15:57 +0800] "POST /JSP1/GetEmp HTTP/1.1" 200 314
127.0.0.1 - - [08/Mar/2023:13:16:21 +0800] "GET / HTTP/1.1" 404 751
0:0:0:0:0:0:0:1 - - [08/Mar/2023:13:16:26 +0800] "POST /JSP1/GetEmp HTTP/1.1" 200 -
0:0:0:0:0:0:0:1 - - [08/Mar/2023:13:17:54 +0800] "GET /JSP1/m10/GetEmp.jsp HTTP/1.1" 200 314
0:0:0:0:0:0:0:1 - - [08/Mar/2023:13:18:01 +0800] "GET /JSP1/m10/GetEmp.jsp HTTP/1.1" 200 314
0:0:0:0:0:0:0:1 - - [08/Mar/2023:13:18:21 +0800] "POST /JSP1/GetEmp HTTP/1.1" 200 -
127.0.0.1 - - [08/Mar/2023:13:19:45 +0800] "GET / HTTP/1.1" 404 751
0:0:0:0:0:0:0:1 - - [08/Mar/2023:13:19:50 +0800] "POST /JSP1/GetEmp HTTP/1.1" 200 317
0:0:0:0:0:0:0:1 - - [08/Mar/2023:13:33:30 +0800] "POST /JSP1/GetEmp HTTP/1.1" 200 566
127.0.0.1 - - [08/Mar/2023:13:35:56 +0800] "GET / HTTP/1.1" 404 751
0:0:0:0:0:0:0:1 - - [08/Mar/2023:13:36:01 +0800] "POST /JSP1/GetEmp HTTP/1.1" 200 572
127.0.0.1 - - [08/Mar/2023:13:53:54 +0800] "GET / HTTP/1.1" 404 751
0:0:0:0:0:0:0:1 - - [08/Mar/2023:14:43:40 +0800] "GET /JSP1/m10/GetAllEmp.jsp HTTP/1.1" 200 179
127.0.0.1 - - [08/Mar/2023:15:34:19 +0800] "GET / HTTP/1.1" 404 751
0:0:0:0:0:0:0:1 - - [08/Mar/2023:15:34:19 +0800] "GET /JSP1/m10/GetAllEmp.jsp HTTP/1.1" 200 179
0:0:0:0:0:0:0:1 - - [08/Mar/2023:15:34:45 +0800] "GET /JSP1/m10/GetAllEmp.jsp HTTP/1.1" 200 179
127.0.0.1 - - [08/Mar/2023:15:40:18 +0800] "GET / HTTP/1.1" 404 751
0:0:0:0:0:0:0:1 - - [08/Mar/2023:15:40:20 +0800] "GET /JSP1/GetAllEmp HTTP/1.1" 500 2449
0:0:0:0:0:0:0:1 - - [08/Mar/2023:15:42:01 +0800] "GET /JSP1/m10/GetAllEmp.jsp HTTP/1.1" 500 2405
127.0.0.1 - - [08/Mar/2023:15:57:41 +0800] "GET / HTTP/1.1" 404 751
0:0:0:0:0:0:0:1 - - [08/Mar/2023:15:57:41 +0800] "GET /JSP1/m11/GetEmp.html HTTP/1.1" 200 311
0:0:0:0:0:0:0:1 - - [08/Mar/2023:15:57:46 +0800] "POST /JSP1/GetEmpJNDI HTTP/1.1" 200 -
0:0:0:0:0:0:0:1 - - [08/Mar/2023:15:58:52 +0800] "POST /JSP1/GetEmpJNDI HTTP/1.1" 200 -
127.0.0.1 - - [08/Mar/2023:16:01:37 +0800] "GET / HTTP/1.1" 404 751
0:0:0:0:0:0:0:1 - - [08/Mar/2023:16:01:41 +0800] "POST /JSP1/GetEmpJNDI HTTP/1.1" 200 -
127.0.0.1 - - [08/Mar/2023:16:04:54 +0800] "GET / HTTP/1.1" 404 751
0:0:0:0:0:0:0:1 - - [08/Mar/2023:16:04:55 +0800] "GET /JSP1/m11/GetEmpJNDI.html HTTP/1.1" 200 311
0:0:0:0:0:0:0:1 - - [08/Mar/2023:16:04:58 +0800] "POST /JSP1/GetEmpJNDI HTTP/1.1" 200 -
127.0.0.1 - - [08/Mar/2023:16:08:54 +0800] "GET / HTTP/1.1" 404 751
0:0:0:0:0:0:0:1 - - [08/Mar/2023:16:08:59 +0800] "POST /JSP1/GetEmpJNDI HTTP/1.1" 200 572
127.0.0.1 - - [08/Mar/2023:16:16:30 +0800] "GET / HTTP/1.1" 404 751
0:0:0:0:0:0:0:1 - - [08/Mar/2023:16:16:31 +0800] "GET /JSP1/GetAllEmp HTTP/1.1" 200 440
0:0:0:0:0:0:0:1 - - [08/Mar/2023:16:17:19 +0800] "GET /JSP1/m10/GetAllEmp.jsp HTTP/1.1" 500 2399
0:0:0:0:0:0:0:1 - - [08/Mar/2023:16:17:35 +0800] "GET /JSP1/GetAllEmp HTTP/1.1" 200 210
0:0:0:0:0:0:0:1 - - [08/Mar/2023:16:18:02 +0800] "GET /JSP1/m10/GetAllEmp.jsp HTTP/1.1" 500 2410
0:0:0:0:0:0:0:1 - - [08/Mar/2023:16:18:09 +0800] "GET /JSP1/GetAllEmp HTTP/1.1" 200 183
0:0:0:0:0:0:0:1 - - [08/Mar/2023:16:18:25 +0800] "GET /JSP1/m10/GetAllEmp.jsp HTTP/1.1" 500 2410
0:0:0:0:0:0:0:1 - - [08/Mar/2023:16:18:43 +0800] "GET /JSP1/GetAllEmp HTTP/1.1" 200 183
